{
    "Should run without failures": {
        "content": [
            {
                "0": [
                    [
                        {
                            "id": "test_sample"
                        },
                        "sample1_mito_align.bam:md5,e9b55d9c712b30a595ebe7b25cfa3a4e"
                    ]
                ],
                "1": [
                    "versions.yml:md5,b75cf2241f8f497bc0973b765b258de2"
                ],
                "bam": [
                    [
                        {
                            "id": "test_sample"
                        },
                        "sample1_mito_align.bam:md5,e9b55d9c712b30a595ebe7b25cfa3a4e"
                    ]
                ],
                "versions": [
                    "versions.yml:md5,b75cf2241f8f497bc0973b765b258de2"
                ]
            }
        ],
        "meta": {
            "nf-test": "0.9.2",
            "nextflow": "24.10.4"
        },
        "timestamp": "2025-06-03T19:41:38.720242846"
    }
}